IQ-TREE version 3.0.1 for Linux x86 64-bit built Jul  9 2025
Developed by Bui Quang Minh, Thomas Wong, Nhan Ly-Trong, Huaiyan Ren
Contributed by Lam-Tung Nguyen, Dominik Schrempf, Chris Bielow,
Olga Chernomor, Michael Woodhams, Diep Thi Hoang, Heiko Schmidt

Host:    Vitumbiko (AVX2, FMA3, 7 GB RAM)
Command: iqtree -s cleaned_5.fa -m MFP -B 1000 -nt AUTO
Seed:    687319 (Using SPRNG - Scalable Parallel Random Number Generator)
Time:    Sat May  2 22:28:43 2026
Kernel:  AVX+FMA - auto-detect threads (12 CPU cores detected)

Reading alignment file cleaned_5.fa ... Fasta format detected
Reading fasta file: done in 0.00513479 secs using 18.62% CPU
Alignment most likely contains DNA/RNA sequences
Constructing alignment: done in 0.021294 secs using 1055% CPU
Alignment has 57 sequences with 1464 columns, 938 distinct patterns
826 parsimony-informative, 109 singleton sites, 529 constant sites
                             Gap/Ambiguity  Composition  p-value
Analyzing sequences: done in 0.00199174 secs using 93.29% CPU
   1  TO3L                          82.51%    passed     73.48%
   2  PE8L                          50.20%    passed     40.04%
   3  PE7L                          14.00%    failed      0.75%
   4  PE4L                          54.17%    failed      0.00%
   5  PE1L                          67.55%    passed     29.61%
   6  Mus_baoulei                   23.98%    passed     33.74%
   7  Praomys_jacksoni              22.27%    passed     80.16%
   8  Otomys_unisulcatus            22.27%    passed     35.17%
   9  Micaelamys_namaquensis        17.62%    passed     31.40%
  10  Myomys_daltoni                22.13%    passed     47.15%
  11  Calomys_musculinus            59.02%    passed     40.96%
  12  Calomys_laucha                19.74%    passed     29.29%
  13  Calomys_callosus_1            19.81%    failed      1.97%
  14  Crocidura_grandiceps          41.39%    failed      4.11%
  15  Mus_setulosus                 22.27%    passed     10.88%
  16  Apodemus_flavicollis          44.33%    passed     66.06%
  17  Hylomyscus_simus              22.47%    passed     16.57%
  18  Mus_spretus                   22.13%    passed     46.08%
  19  Oryzomys_couesi               22.13%    passed     21.57%
  20  Peromyscus_leucopus           21.93%    passed     39.15%
  21  Mastomys_erythroleucus        22.13%    passed     33.86%
  22  Myomys_verreauxi              22.34%    passed     35.58%
  23  Praomys_rostratus             26.16%    passed     47.68%
  24  Lophuromys_chrysopus          58.61%    failed      0.21%
  25  Lemniscomys_striatus          72.54%    passed     25.80%
  26  Hybomys_planifrons            40.23%    passed     97.40%
  27  Dasymys_incomtus              72.54%    passed     93.77%
  28  Crocidura_theresae            61.20%    failed      0.27%
  29  Crocidura_olivieri            61.61%    failed      1.47%
  30  Hylomyscus_pamfi              72.54%    passed     25.35%
  31  Arvicanthis_niloticus         27.94%    passed     84.43%
  32  Beamys_hindei                 31.90%    passed      8.55%
  33  Gerbilliscus_brantsii         27.94%    passed     10.44%
  34  Lemniscomys_bellieri          27.94%    passed     14.54%
  35  Mastomys_natalensis_1         27.94%    passed     76.17%
  36  Mus_musculus_molossinus       27.94%    passed     92.21%
  37  Montemys_delectorum           33.74%    passed     27.77%
  38  Rattus_losea                  30.19%    failed      2.61%
  39  Rattus_argentiventer          27.94%    passed     47.42%
  40  Rattus_exulans                27.94%    passed     58.72%
  41  Rattus_lutreolus              55.19%    passed      7.57%
  42  Rattus_norvegicus             27.94%    failed      0.88%
  43  Rattus_rattus_1               27.94%    passed     34.56%
  44  Rattus_rattus_2               27.94%    passed     13.57%
  45  Rattus_tanezumi               27.94%    passed     61.07%
  46  Sorex_araneus                 35.38%    passed     41.80%
  47  Steatomys_pratensis           27.73%    passed     22.84%
  48  Steatomys_krebsii             22.13%    passed     15.80%
  49  Elephantulus_brachyrhynchus   32.58%    passed     21.24%
  50  Elephantulus_fuscus           38.11%    failed      3.92%
  51  Petrodromus_tetradactylus     28.35%    failed      0.00%
  52  Crocidura_hirta               46.45%    passed      6.03%
  53  Crocidura_mariquensis         28.14%    failed      1.27%
  54  Suncus_varilla                22.88%    failed      1.63%
  55  Mus_minutoides                22.13%    passed     94.46%
  56  Calomys_callosus_2            18.37%    failed      1.51%
  57  Mastomys_natalensis_2         22.47%    passed     48.56%
WARNING: 12 sequences contain more than 50% gaps/ambiguity
****  TOTAL                         34.82%  14 sequences failed composition chi2 test (p-value<5%; df=3)
Checking for duplicate sequences: done in 0.0028248 secs using 1740% CPU


Create initial parsimony tree by phylogenetic likelihood library (PLL)... 0.014 seconds
Measuring multi-threading efficiency up to 12 CPU cores
Increase to 10 rounds for branch lengths
126 trees examined
Threads: 1 / Time: 12.001 sec / Speedup: 1.000 / Efficiency: 100% / LogL: -27019
Threads: 2 / Time: 6.107 sec / Speedup: 1.965 / Efficiency: 98% / LogL: -27019
Threads: 3 / Time: 5.542 sec / Speedup: 2.165 / Efficiency: 72% / LogL: -27019
Threads: 4 / Time: 5.217 sec / Speedup: 2.300 / Efficiency: 58% / LogL: -27019
Threads: 5 / Time: 5.632 sec / Speedup: 2.131 / Efficiency: 43% / LogL: -27019
Determining AUTO threadcount: done in 34.5017 secs using 259.2% CPU
BEST NUMBER OF THREADS: 4

Perform fast likelihood tree search using GTR+I+G model...
Estimate model parameters (epsilon = 5.000)
Perform nearest neighbor interchange...
Optimizing NNI: done in 0.10309 secs using 398.6% CPU
Estimate model parameters (epsilon = 1.000)
1. Initial log-likelihood: -21043.186
2. Current log-likelihood: -21041.259
3. Current log-likelihood: -21040.005
Optimal log-likelihood: -21038.977
Rate parameters:  A-C: 0.33963  A-G: 5.60285  A-T: 0.78100  C-G: 0.17127  C-T: 1.91369  G-T: 1.00000
Base frequencies:  A: 0.299  C: 0.129  G: 0.267  T: 0.304
Proportion of invariable sites: 0.085
Gamma shape alpha: 0.503
Parameters optimization took 3 rounds (0.089 sec)
Time for fast ML tree search: 0.536 seconds

NOTE: ModelFinder requires 21 MB RAM!
ModelFinder will test up to 968 DNA models (sample size: 1464 epsilon: 0.100) ...
 No. Model         -LnL         df  AIC          AICc         BIC
  1  JC            25895.593    111 52013.186    52031.577    52600.257
  2  JC+I          24997.461    112 50218.922    50237.657    50811.282
  3  JC+G4         23059.255    112 46342.511    46361.246    46934.871
  4  JC+I+G4       23055.873    113 46337.747    46356.831    46935.396
  5  JC+R2         23084.843    113 46395.686    46414.770    46993.334
  6  JC+R3         22964.272    115 46158.544    46178.336    46766.771
  7  JC+R4         22958.774    117 46151.547    46172.061    46770.352
 14  JC+I+R2       23074.800    114 46377.601    46397.037    46980.538
 15  JC+I+R3       22979.877    116 46191.754    46211.905    46805.269
 16  JC+I+R4       22978.021    118 46192.041    46212.922    46816.135
 28  JC+R3         22964.272    115 46158.544    46178.336    46766.771
 29  JC+R4         22958.774    117 46151.547    46172.061    46770.352
 50  F81+R3        22957.053    115 46144.105    46163.898    46752.332
 51  F81+R4        22955.724    117 46145.449    46165.963    46764.253
 72  F81+F+R3      22316.561    118 44869.123    44890.003    45493.216
+R4 reinitialized from +R3 with factor 0.500
 73  F81+F+R4      22315.480    120 44870.961    44892.584    45505.632
 94  K2P+R3        21915.956    116 44063.913    44084.064    44677.429
 95  K2P+R4        21913.831    118 44063.663    44084.543    44687.756
116  K2P+R3        21915.956    116 44063.913    44084.064    44677.429
117  K2P+R4        21913.831    118 44063.663    44084.543    44687.756
138  HKY+R3        21916.352    116 44064.704    44084.856    44678.220
139  HKY+R4        21913.694    118 44063.389    44084.269    44687.482
160  HKY+F+R3      21143.117    119 42524.233    42545.483    43153.616
+R4 reinitialized from +R3 with factor 0.500
161  HKY+F+R4      21139.042    121 42520.084    42542.084    43160.044
182  TNe+R3        21388.011    117 43010.022    43030.537    43628.827
183  TNe+R4        21372.297    119 42982.594    43003.844    43611.976
204  TNe+R3        21388.011    117 43010.022    43030.537    43628.827
205  TNe+R4        21372.297    119 42982.594    43003.844    43611.976
226  TN+R3         21385.417    117 43004.835    43025.349    43623.639
227  TN+R4         21370.322    119 42978.644    42999.894    43608.027
248  TN+F+R3       21036.708    120 42313.416    42335.039    42948.087
249  TN+F+R4       21022.231    122 42288.463    42310.843    42933.712
270  K3P+R3        21890.560    117 44015.121    44035.635    44633.925
271  K3P+R4        21881.260    119 44000.521    44021.771    44629.903
292  K3P+R3        21890.560    117 44015.121    44035.635    44633.925
293  K3P+R4        21881.260    119 44000.521    44021.771    44629.903
314  K3Pu+R3       21890.472    117 44014.944    44035.458    44633.749
315  K3Pu+R4       21881.168    119 44000.335    44021.585    44629.718
336  K3Pu+F+R3     21134.640    120 42509.280    42530.903    43143.951
337  K3Pu+F+R4     21121.146    122 42486.293    42508.673    43131.542
358  TPM2+R3       21912.782    117 44059.565    44080.079    44678.369
359  TPM2+R4       21902.322    119 44042.643    44063.893    44672.026
380  TPM2+R3       21912.782    117 44059.565    44080.079    44678.369
381  TPM2+R4       21902.322    119 44042.643    44063.893    44672.026
402  TPM2u+R3      21912.885    117 44059.769    44080.283    44678.574
403  TPM2u+R4      21902.246    119 44042.493    44063.743    44671.875
424  TPM2u+F+R3    21144.341    120 42528.682    42550.306    43163.354
425  TPM2u+F+R4    21129.797    122 42503.594    42525.974    43148.843
446  TPM3+R3       21570.960    117 43375.921    43396.435    43994.726
447  TPM3+R4       21558.948    119 43355.895    43377.145    43985.278
468  TPM3+R3       21570.960    117 43375.921    43396.435    43994.726
469  TPM3+R4       21558.948    119 43355.895    43377.145    43985.278
490  TPM3u+R3      21570.743    117 43375.486    43396.000    43994.290
491  TPM3u+R4      21558.818    119 43355.635    43376.885    43985.018
512  TPM3u+F+R3    21080.908    120 42401.815    42423.439    43036.487
513  TPM3u+F+R4    21070.221    122 42384.442    42406.822    43029.691
534  TIMe+R3       21367.705    118 42971.410    42992.290    43595.504
535  TIMe+R4       21343.942    120 42927.885    42949.508    43562.556
556  TIMe+R3       21367.705    118 42971.410    42992.290    43595.504
557  TIMe+R4       21343.942    120 42927.885    42949.508    43562.556
578  TIM+R3        21367.737    118 42971.474    42992.354    43595.567
579  TIM+R4        21343.725    120 42927.451    42949.074    43562.122
600  TIM+F+R3      21017.665    121 42277.330    42299.330    42917.290
601  TIM+F+R4      21005.490    123 42256.981    42279.745    42907.519
622  TIM2e+R3      21377.956    118 42991.912    43012.792    43616.005
623  TIM2e+R4      21362.243    120 42964.485    42986.108    43599.156
644  TIM2e+R3      21377.956    118 42991.912    43012.792    43616.005
645  TIM2e+R4      21362.243    120 42964.485    42986.108    43599.156
666  TIM2+R3       21376.710    118 42989.421    43010.301    43613.514
667  TIM2+R4       21362.388    120 42964.777    42986.400    43599.448
688  TIM2+F+R3     21028.206    121 42298.412    42320.412    42938.373
689  TIM2+F+R4     21015.511    123 42277.022    42299.786    42927.560
710  TIM3e+R3      21064.543    118 42365.086    42385.966    42989.179
711  TIM3e+R4      21052.415    120 42344.830    42366.453    42979.501
732  TIM3e+R3      21064.543    118 42365.086    42385.966    42989.179
733  TIM3e+R4      21052.415    120 42344.830    42366.453    42979.501
754  TIM3+R3       21061.875    118 42359.750    42380.630    42983.843
755  TIM3+R4       21052.273    120 42344.545    42366.169    42979.217
776  TIM3+F+R3     20955.590    121 42153.180    42175.180    42793.140
777  TIM3+F+R4     20945.863    123 42137.726    42160.490    42788.264
798  TVMe+R3       21561.147    119 43360.294    43381.544    43989.676
799  TVMe+R4       21551.456    121 43344.913    43366.913    43984.873
820  TVMe+R3       21561.147    119 43360.294    43381.544    43989.676
821  TVMe+R4       21551.456    121 43344.913    43366.913    43984.873
842  TVM+R3        21561.285    119 43360.571    43381.821    43989.953
843  TVM+R4        21551.365    121 43344.729    43366.729    43984.690
864  TVM+F+R3      21072.123    122 42388.247    42410.627    43033.496
865  TVM+F+R4      21061.753    124 42371.505    42394.657    43027.333
886  SYM+R3        21062.491    120 42364.981    42386.604    42999.652
887  SYM+R4        21051.150    122 42346.301    42368.681    42991.550
908  SYM+R3        21062.491    120 42364.981    42386.604    42999.652
909  SYM+R4        21051.150    122 42346.301    42368.681    42991.550
930  GTR+R3        21060.528    120 42361.055    42382.678    42995.727
931  GTR+R4        21051.123    122 42346.247    42368.627    42991.496
952  GTR+F+R3      20953.043    123 42152.087    42174.851    42802.625
953  GTR+F+R4      20943.410    125 42136.821    42160.363    42797.937
Akaike Information Criterion:           GTR+F+R4
Corrected Akaike Information Criterion: GTR+F+R4
Bayesian Information Criterion:         TIM3+F+R4
Best-fit model: TIM3+F+R4 chosen according to BIC

All model information printed to cleaned_5.fa.model.gz
CPU time for ModelFinder: 132.075 seconds (0h:2m:12s)
Wall-clock time for ModelFinder: 45.229 seconds (0h:0m:45s)
Generating 1000 samples for ultrafast bootstrap (seed: 687319)...

NOTE: 10 MB RAM (0 GB) is required!
Estimate model parameters (epsilon = 0.100)
1. Initial log-likelihood: -20950.875
2. Current log-likelihood: -20950.450
Optimal log-likelihood: -20950.435
Rate parameters:  A-C: 0.32964  A-G: 5.98228  A-T: 1.00000  C-G: 0.32964  C-T: 2.34302  G-T: 1.00000
Base frequencies:  A: 0.299  C: 0.129  G: 0.267  T: 0.304
Site proportion and rates:  (0.525,0.063) (0.126,0.718) (0.136,1.652) (0.213,3.067)
Parameters optimization took 2 rounds (0.077 sec)
Wrote distance file to... 
Computing ML distances based on estimated model parameters...
Calculating distance matrix: done in 0.00356654 secs using 710% CPU
Computing ML distances took 0.003709 sec (of wall-clock time) 0.025467 sec (of CPU time)
WARNING: Some pairwise ML distances are too long (saturated)
Setting up auxiliary I and S matrices: done in 0.00103605 secs using 171.4% CPU
Constructing RapidNJ tree: done in 0.0656047 secs using 73.06% CPU
Computing RapidNJ tree took 0.066839 sec (of wall-clock time) 0.049809 sec (of CPU time)
Log-likelihood of RapidNJ tree: -21097.240
--------------------------------------------------------------------
|             INITIALIZING CANDIDATE TREE SET                      |
--------------------------------------------------------------------
Generating 98 parsimony trees... 0.674 second
Computing log-likelihood of 98 initial trees ... 0.625 seconds
Current best score: -20950.435

Do NNI search on 20 best initial trees
Optimizing NNI: done in 0.0375897 secs using 385.7% CPU
Estimate model parameters (epsilon = 0.100)
BETTER TREE FOUND at iteration 1: -20950.430
Optimizing NNI: done in 0.105 secs using 397% CPU
Optimizing NNI: done in 0.100182 secs using 399.5% CPU
Optimizing NNI: done in 0.0989065 secs using 403.3% CPU
Optimizing NNI: done in 0.105828 secs using 394.7% CPU
Optimizing NNI: done in 0.102434 secs using 392.9% CPU
Optimizing NNI: done in 0.0979542 secs using 394% CPU
Optimizing NNI: done in 0.104582 secs using 394.5% CPU
Optimizing NNI: done in 0.113702 secs using 388.5% CPU
Optimizing NNI: done in 0.0940912 secs using 384.8% CPU
Iteration 10 / LogL: -20975.709 / Time: 0h:0m:47s
Optimizing NNI: done in 0.104305 secs using 391.5% CPU
Optimizing NNI: done in 0.114273 secs using 404.5% CPU
Optimizing NNI: done in 0.126041 secs using 392% CPU
Optimizing NNI: done in 0.153911 secs using 393.6% CPU
Optimizing NNI: done in 0.100475 secs using 394.6% CPU
Optimizing NNI: done in 0.103546 secs using 397.4% CPU
Optimizing NNI: done in 0.116276 secs using 399.3% CPU
Optimizing NNI: done in 0.105454 secs using 388.3% CPU
Optimizing NNI: done in 0.0989368 secs using 391.1% CPU
Optimizing NNI: done in 0.120714 secs using 398.2% CPU
Iteration 20 / LogL: -20970.565 / Time: 0h:0m:48s
Finish initializing candidate tree set (12)
Current best tree score: -20950.430 / CPU time: 3.466
Number of iterations: 20
--------------------------------------------------------------------
|               OPTIMIZING CANDIDATE TREE SET                      |
--------------------------------------------------------------------
Optimizing NNI: done in 0.0976437 secs using 395% CPU
Optimizing NNI: done in 0.118327 secs using 404.2% CPU
Optimizing NNI: done in 0.113931 secs using 402% CPU
Optimizing NNI: done in 0.12324 secs using 401.7% CPU
Estimate model parameters (epsilon = 0.100)
BETTER TREE FOUND at iteration 24: -20948.019
Optimizing NNI: done in 0.165009 secs using 393.3% CPU
Optimizing NNI: done in 0.0915763 secs using 401.4% CPU
Optimizing NNI: done in 0.114353 secs using 393.9% CPU
Optimizing NNI: done in 0.0936378 secs using 386.2% CPU
Optimizing NNI: done in 0.100773 secs using 393.7% CPU
Optimizing NNI: done in 0.10617 secs using 401.4% CPU
Iteration 30 / LogL: -20970.753 / Time: 0h:0m:50s (0h:0m:15s left)
Optimizing NNI: done in 0.101925 secs using 402.2% CPU
Optimizing NNI: done in 0.115654 secs using 397.4% CPU
Optimizing NNI: done in 0.137795 secs using 393.1% CPU
Optimizing NNI: done in 0.101803 secs using 386.8% CPU
Optimizing NNI: done in 0.114222 secs using 404.7% CPU
Optimizing NNI: done in 0.101611 secs using 407% CPU
Optimizing NNI: done in 0.109719 secs using 391.7% CPU
Optimizing NNI: done in 0.0917313 secs using 400.9% CPU
Optimizing NNI: done in 0.0998495 secs using 396.4% CPU
Optimizing NNI: done in 0.121422 secs using 396.5% CPU
Iteration 40 / LogL: -20973.431 / Time: 0h:0m:51s (0h:0m:12s left)
Optimizing NNI: done in 0.108445 secs using 398.9% CPU
Optimizing NNI: done in 0.132949 secs using 397.6% CPU
Estimate model parameters (epsilon = 0.100)
BETTER TREE FOUND at iteration 42: -20945.445
Optimizing NNI: done in 0.11751 secs using 389.7% CPU
Optimizing NNI: done in 0.12192 secs using 392% CPU
Optimizing NNI: done in 0.133153 secs using 403.4% CPU
Optimizing NNI: done in 0.122449 secs using 403.8% CPU
Optimizing NNI: done in 0.109657 secs using 395.5% CPU
Optimizing NNI: done in 0.119425 secs using 394.7% CPU
Optimizing NNI: done in 0.112526 secs using 395% CPU
Optimizing NNI: done in 0.0789319 secs using 388.8% CPU
Iteration 50 / LogL: -20950.331 / Time: 0h:0m:52s (0h:0m:13s left)
Log-likelihood cutoff on original alignment: -21001.194
Optimizing NNI: done in 0.140829 secs using 395.5% CPU
Optimizing NNI: done in 0.117388 secs using 393% CPU
Optimizing NNI: done in 0.105869 secs using 402.3% CPU
Optimizing NNI: done in 0.0975221 secs using 407.6% CPU
Optimizing NNI: done in 0.131788 secs using 400.5% CPU
Optimizing NNI: done in 0.117254 secs using 407% CPU
Optimizing NNI: done in 0.104452 secs using 410.2% CPU
Optimizing NNI: done in 0.107627 secs using 397.3% CPU
Optimizing NNI: done in 0.127607 secs using 400.9% CPU
Optimizing NNI: done in 0.120993 secs using 397.5% CPU
Iteration 60 / LogL: -20950.515 / Time: 0h:0m:53s (0h:0m:11s left)
Optimizing NNI: done in 0.109789 secs using 395.1% CPU
Optimizing NNI: done in 0.110995 secs using 395.5% CPU
Optimizing NNI: done in 0.127511 secs using 401.1% CPU
Optimizing NNI: done in 0.124596 secs using 388.9% CPU
Optimizing NNI: done in 0.0945131 secs using 396.2% CPU
Optimizing NNI: done in 0.121624 secs using 392.7% CPU
Optimizing NNI: done in 0.107116 secs using 395% CPU
Optimizing NNI: done in 0.165283 secs using 402.5% CPU
Optimizing NNI: done in 0.149419 secs using 397.1% CPU
Optimizing NNI: done in 0.135195 secs using 392.9% CPU
Iteration 70 / LogL: -20947.290 / Time: 0h:0m:55s (0h:0m:10s left)
Optimizing NNI: done in 0.12286 secs using 393% CPU
Optimizing NNI: done in 0.0920102 secs using 400% CPU
Optimizing NNI: done in 0.10174 secs using 406.7% CPU
Optimizing NNI: done in 0.112992 secs using 397.4% CPU
Optimizing NNI: done in 0.111556 secs using 401.2% CPU
Optimizing NNI: done in 0.1009 secs using 409.2% CPU
Optimizing NNI: done in 0.114957 secs using 388.8% CPU
Optimizing NNI: done in 0.113269 secs using 400.1% CPU
Optimizing NNI: done in 0.114717 secs using 392.9% CPU
Optimizing NNI: done in 0.124473 secs using 398.9% CPU
Iteration 80 / LogL: -20948.100 / Time: 0h:0m:56s (0h:0m:8s left)
Optimizing NNI: done in 0.093747 secs using 402.9% CPU
Optimizing NNI: done in 0.120598 secs using 405.1% CPU
Optimizing NNI: done in 0.107818 secs using 393.1% CPU
Optimizing NNI: done in 0.123767 secs using 397.4% CPU
Optimizing NNI: done in 0.0897426 secs using 394.2% CPU
Optimizing NNI: done in 0.122883 secs using 399.5% CPU
Optimizing NNI: done in 0.104603 secs using 394.4% CPU
Optimizing NNI: done in 0.119081 secs using 402.3% CPU
Optimizing NNI: done in 0.10301 secs using 390.9% CPU
Optimizing NNI: done in 0.0986976 secs using 404% CPU
Iteration 90 / LogL: -20971.151 / Time: 0h:0m:57s (0h:0m:7s left)
Optimizing NNI: done in 0.106868 secs using 399.5% CPU
Optimizing NNI: done in 0.116351 secs using 396% CPU
Optimizing NNI: done in 0.111038 secs using 399% CPU
Optimizing NNI: done in 0.141711 secs using 396.4% CPU
Estimate model parameters (epsilon = 0.100)
BETTER TREE FOUND at iteration 94: -20944.309
Optimizing NNI: done in 0.118681 secs using 396.2% CPU
Optimizing NNI: done in 0.106548 secs using 400.2% CPU
Optimizing NNI: done in 0.120494 secs using 392.1% CPU
Optimizing NNI: done in 0.136792 secs using 392.4% CPU
Optimizing NNI: done in 0.0945252 secs using 392% CPU
Optimizing NNI: done in 0.100035 secs using 395.9% CPU
Iteration 100 / LogL: -20945.797 / Time: 0h:0m:58s (0h:0m:12s left)
Log-likelihood cutoff on original alignment: -21001.194
NOTE: Bootstrap correlation coefficient of split occurrence frequencies: 0.987
NOTE: UFBoot does not converge, continue at least 100 more iterations
Optimizing NNI: done in 0.0958898 secs using 377.2% CPU
Optimizing NNI: done in 0.0862484 secs using 406.1% CPU
Optimizing NNI: done in 0.0849746 secs using 396.6% CPU
Optimizing NNI: done in 0.0829911 secs using 389.1% CPU
Optimizing NNI: done in 0.0991721 secs using 394.4% CPU
Optimizing NNI: done in 0.107467 secs using 397.8% CPU
Optimizing NNI: done in 0.126811 secs using 399.4% CPU
Optimizing NNI: done in 0.0902125 secs using 388.2% CPU
Optimizing NNI: done in 0.0955888 secs using 401.4% CPU
Optimizing NNI: done in 0.118966 secs using 402.5% CPU
Iteration 110 / LogL: -20945.829 / Time: 0h:0m:59s (0h:0m:12s left)
Optimizing NNI: done in 0.128223 secs using 396.4% CPU
Optimizing NNI: done in 0.110919 secs using 392.1% CPU
Optimizing NNI: done in 0.127899 secs using 397.1% CPU
Optimizing NNI: done in 0.128022 secs using 396.8% CPU
Optimizing NNI: done in 0.0949249 secs using 394.9% CPU
Optimizing NNI: done in 0.0974477 secs using 383.2% CPU
Optimizing NNI: done in 0.129818 secs using 402% CPU
Optimizing NNI: done in 0.154596 secs using 394.9% CPU
Optimizing NNI: done in 0.116675 secs using 391.5% CPU
Optimizing NNI: done in 0.110353 secs using 393.5% CPU
Iteration 120 / LogL: -20945.889 / Time: 0h:1m:1s (0h:0m:10s left)
Optimizing NNI: done in 0.113742 secs using 402.4% CPU
Optimizing NNI: done in 0.101624 secs using 387.3% CPU
Optimizing NNI: done in 0.102001 secs using 390.2% CPU
Optimizing NNI: done in 0.107551 secs using 386.4% CPU
Optimizing NNI: done in 0.10446 secs using 398.7% CPU
Optimizing NNI: done in 0.10345 secs using 401.6% CPU
Optimizing NNI: done in 0.138469 secs using 399.5% CPU
Optimizing NNI: done in 0.0959604 secs using 400.1% CPU
Optimizing NNI: done in 0.109007 secs using 386.2% CPU
Optimizing NNI: done in 0.0940811 secs using 393.4% CPU
Iteration 130 / LogL: -20946.168 / Time: 0h:1m:2s (0h:0m:9s left)
Optimizing NNI: done in 0.0987096 secs using 403.9% CPU
Optimizing NNI: done in 0.106427 secs using 389.4% CPU
Optimizing NNI: done in 0.101024 secs using 408.8% CPU
Optimizing NNI: done in 0.106311 secs using 404.8% CPU
Optimizing NNI: done in 0.113239 secs using 396.6% CPU
Optimizing NNI: done in 0.0943012 secs using 401.2% CPU
Estimate model parameters (epsilon = 0.100)
UPDATE BEST LOG-LIKELIHOOD: -20944.184
Optimizing NNI: done in 0.139311 secs using 401.5% CPU
Optimizing NNI: done in 0.15634 secs using 396.8% CPU
Optimizing NNI: done in 0.0938076 secs using 407% CPU
Optimizing NNI: done in 0.115491 secs using 401.3% CPU
Iteration 140 / LogL: -20970.440 / Time: 0h:1m:3s (0h:0m:7s left)
Optimizing NNI: done in 0.0914428 secs using 397.4% CPU
Optimizing NNI: done in 0.118094 secs using 401.5% CPU
Optimizing NNI: done in 0.111595 secs using 383.2% CPU
Optimizing NNI: done in 0.107654 secs using 397.2% CPU
Optimizing NNI: done in 0.137537 secs using 390.9% CPU
Optimizing NNI: done in 0.107318 secs using 401.9% CPU
Optimizing NNI: done in 0.130679 secs using 400% CPU
Optimizing NNI: done in 0.115754 secs using 397.2% CPU
Optimizing NNI: done in 0.101353 secs using 396% CPU
Optimizing NNI: done in 0.0983411 secs using 401% CPU
Iteration 150 / LogL: -20945.446 / Time: 0h:1m:4s (0h:0m:6s left)
Log-likelihood cutoff on original alignment: -20988.382
Optimizing NNI: done in 0.114005 secs using 398.6% CPU
Optimizing NNI: done in 0.0978666 secs using 390.2% CPU
Optimizing NNI: done in 0.103451 secs using 393.9% CPU
Optimizing NNI: done in 0.0983849 secs using 401% CPU
Optimizing NNI: done in 0.130194 secs using 404.1% CPU
Optimizing NNI: done in 0.102946 secs using 387.5% CPU
Optimizing NNI: done in 0.102512 secs using 392.7% CPU
Optimizing NNI: done in 0.13756 secs using 402.3% CPU
Optimizing NNI: done in 0.0987516 secs using 391.6% CPU
Optimizing NNI: done in 0.116485 secs using 405.6% CPU
Iteration 160 / LogL: -20944.350 / Time: 0h:1m:5s (0h:0m:5s left)
Optimizing NNI: done in 0.112677 secs using 398.2% CPU
Optimizing NNI: done in 0.1073 secs using 398.2% CPU
Optimizing NNI: done in 0.101652 secs using 391.2% CPU
Optimizing NNI: done in 0.104596 secs using 394.4% CPU
Optimizing NNI: done in 0.117958 secs using 401.8% CPU
Optimizing NNI: done in 0.110919 secs using 399.3% CPU
Optimizing NNI: done in 0.0918731 secs using 400.4% CPU
Optimizing NNI: done in 0.0950823 secs using 390.3% CPU
Optimizing NNI: done in 0.0901772 secs using 397.2% CPU
Optimizing NNI: done in 0.112731 secs using 398% CPU
Iteration 170 / LogL: -20944.922 / Time: 0h:1m:6s (0h:0m:3s left)
Optimizing NNI: done in 0.0893244 secs using 395.6% CPU
Estimate model parameters (epsilon = 0.100)
UPDATE BEST LOG-LIKELIHOOD: -20944.051
Optimizing NNI: done in 0.0982837 secs using 393% CPU
Optimizing NNI: done in 0.142807 secs using 402.5% CPU
Optimizing NNI: done in 0.0917438 secs using 400.8% CPU
Optimizing NNI: done in 0.0990329 secs using 394.9% CPU
Estimate model parameters (epsilon = 0.100)
UPDATE BEST LOG-LIKELIHOOD: -20943.983
Optimizing NNI: done in 0.0987553 secs using 391.6% CPU
Optimizing NNI: done in 0.11059 secs using 403.8% CPU
Optimizing NNI: done in 0.12185 secs using 395.4% CPU
Optimizing NNI: done in 0.100653 secs using 394% CPU
Optimizing NNI: done in 0.138732 secs using 391.2% CPU
Iteration 180 / LogL: -20970.188 / Time: 0h:1m:7s (0h:0m:2s left)
Optimizing NNI: done in 0.103271 secs using 398.3% CPU
Optimizing NNI: done in 0.146595 secs using 400.1% CPU
Optimizing NNI: done in 0.0951676 secs using 402.6% CPU
Optimizing NNI: done in 0.123452 secs using 401.3% CPU
Optimizing NNI: done in 0.133039 secs using 403.7% CPU
Optimizing NNI: done in 0.0916682 secs using 388% CPU
Optimizing NNI: done in 0.098952 secs using 391% CPU
Optimizing NNI: done in 0.09781 secs using 406.7% CPU
Optimizing NNI: done in 0.0940296 secs using 393.5% CPU
Optimizing NNI: done in 0.0911158 secs using 398.5% CPU
Iteration 190 / LogL: -20944.487 / Time: 0h:1m:9s (0h:0m:1s left)
Optimizing NNI: done in 0.0847446 secs using 387.9% CPU
Optimizing NNI: done in 0.0852261 secs using 405% CPU
Optimizing NNI: done in 0.11109 secs using 402.4% CPU
Optimizing NNI: done in 0.105957 secs using 394.5% CPU
Optimizing NNI: done in 0.145807 secs using 404.5% CPU
Optimizing NNI: done in 0.0987658 secs using 379.5% CPU
Optimizing NNI: done in 0.106793 secs using 399.6% CPU
Optimizing NNI: done in 0.105926 secs using 390.8% CPU
Optimizing NNI: done in 0.110851 secs using 392.3% CPU
Optimizing NNI: done in 0.0966783 secs using 410.3% CPU
Iteration 200 / LogL: -20945.046 / Time: 0h:1m:10s (0h:0m:0s left)
Log-likelihood cutoff on original alignment: -20988.382
NOTE: Bootstrap correlation coefficient of split occurrence frequencies: 0.975
NOTE: UFBoot does not converge, continue at least 100 more iterations
Optimizing NNI: done in 0.107426 secs using 397.9% CPU
Optimizing NNI: done in 0.0901337 secs using 392.9% CPU
Optimizing NNI: done in 0.105622 secs using 403% CPU
Optimizing NNI: done in 0.107187 secs using 398.6% CPU
Optimizing NNI: done in 0.120857 secs using 391.3% CPU
Optimizing NNI: done in 0.110784 secs using 399.7% CPU
Optimizing NNI: done in 0.0866515 secs using 395.4% CPU
Optimizing NNI: done in 0.109469 secs using 388.7% CPU
Optimizing NNI: done in 0.0834909 secs using 392.2% CPU
Optimizing NNI: done in 0.086604 secs using 391% CPU
Iteration 210 / LogL: -20944.894 / Time: 0h:1m:11s (0h:0m:11s left)
Optimizing NNI: done in 0.121294 secs using 396.8% CPU
Optimizing NNI: done in 0.104803 secs using 409.1% CPU
Optimizing NNI: done in 0.0919966 secs using 400.1% CPU
Optimizing NNI: done in 0.107951 secs using 400.1% CPU
Optimizing NNI: done in 0.0957986 secs using 392.3% CPU
Optimizing NNI: done in 0.108763 secs using 394.2% CPU
Optimizing NNI: done in 0.108216 secs using 395.7% CPU
Optimizing NNI: done in 0.158185 secs using 403.5% CPU
Optimizing NNI: done in 0.0983323 secs using 401% CPU
Optimizing NNI: done in 0.0865612 secs using 391% CPU
Iteration 220 / LogL: -20944.258 / Time: 0h:1m:12s (0h:0m:9s left)
Optimizing NNI: done in 0.0884052 secs using 394.1% CPU
Optimizing NNI: done in 0.0969543 secs using 392.9% CPU
Optimizing NNI: done in 0.132542 secs using 395.8% CPU
Optimizing NNI: done in 0.092564 secs using 393.8% CPU
Optimizing NNI: done in 0.109107 secs using 396.9% CPU
Optimizing NNI: done in 0.115712 secs using 400.8% CPU
Optimizing NNI: done in 0.0766681 secs using 397.4% CPU
Optimizing NNI: done in 0.0769436 secs using 391.1% CPU
Optimizing NNI: done in 0.0994806 secs using 393.5% CPU
Optimizing NNI: done in 0.102453 secs using 392.8% CPU
Iteration 230 / LogL: -20948.232 / Time: 0h:1m:13s (0h:0m:8s left)
Optimizing NNI: done in 0.120501 secs using 395.4% CPU
Optimizing NNI: done in 0.085016 secs using 396.4% CPU
Optimizing NNI: done in 0.13588 secs using 400.3% CPU
Optimizing NNI: done in 0.101162 secs using 404.5% CPU
Optimizing NNI: done in 0.128238 secs using 393.2% CPU
Optimizing NNI: done in 0.0822849 secs using 401.4% CPU
Optimizing NNI: done in 0.101863 secs using 394.5% CPU
Optimizing NNI: done in 0.101008 secs using 393% CPU
Optimizing NNI: done in 0.0977347 secs using 390.6% CPU
Optimizing NNI: done in 0.100544 secs using 402.4% CPU
Iteration 240 / LogL: -20944.032 / Time: 0h:1m:14s (0h:0m:7s left)
Optimizing NNI: done in 0.0876028 secs using 396.8% CPU
Optimizing NNI: done in 0.122678 secs using 393.4% CPU
Optimizing NNI: done in 0.143969 secs using 400.1% CPU
Optimizing NNI: done in 0.0925381 secs using 393.9% CPU
Optimizing NNI: done in 0.118944 secs using 399.3% CPU
Optimizing NNI: done in 0.115338 secs using 401.6% CPU
Optimizing NNI: done in 0.127758 secs using 400.6% CPU
Optimizing NNI: done in 0.0873324 secs using 402.3% CPU
Optimizing NNI: done in 0.108422 secs using 398.8% CPU
Optimizing NNI: done in 0.100882 secs using 393.4% CPU
Iteration 250 / LogL: -20970.257 / Time: 0h:1m:15s (0h:0m:6s left)
Log-likelihood cutoff on original alignment: -20988.382
Optimizing NNI: done in 0.202315 secs using 394.7% CPU
Optimizing NNI: done in 0.145703 secs using 399.3% CPU
Optimizing NNI: done in 0.0987054 secs using 399.8% CPU
Optimizing NNI: done in 0.120413 secs using 398.9% CPU
Optimizing NNI: done in 0.110295 secs using 393.7% CPU
Optimizing NNI: done in 0.106294 secs using 401.1% CPU
Optimizing NNI: done in 0.0928213 secs using 410.3% CPU
Optimizing NNI: done in 0.0969512 secs using 392.9% CPU
Optimizing NNI: done in 0.0835334 secs using 401.7% CPU
Optimizing NNI: done in 0.112771 secs using 405.1% CPU
Iteration 260 / LogL: -20944.366 / Time: 0h:1m:17s (0h:0m:4s left)
Optimizing NNI: done in 0.108196 secs using 399.5% CPU
Optimizing NNI: done in 0.0910146 secs using 403.2% CPU
Optimizing NNI: done in 0.107546 secs using 397.6% CPU
Optimizing NNI: done in 0.110236 secs using 390.3% CPU
Optimizing NNI: done in 0.0839089 secs using 400.3% CPU
Optimizing NNI: done in 0.0998902 secs using 400.3% CPU
Optimizing NNI: done in 0.0706111 secs using 405.9% CPU
Optimizing NNI: done in 0.0986132 secs using 392.1% CPU
Optimizing NNI: done in 0.10516 secs using 404.3% CPU
Optimizing NNI: done in 0.105685 secs using 402.8% CPU
Iteration 270 / LogL: -20949.672 / Time: 0h:1m:18s (0h:0m:3s left)
Optimizing NNI: done in 0.0978089 secs using 394.4% CPU
Optimizing NNI: done in 0.0906705 secs using 404.4% CPU
Optimizing NNI: done in 0.112566 secs using 384.3% CPU
Optimizing NNI: done in 0.108801 secs using 394.1% CPU
Optimizing NNI: done in 0.109896 secs using 402.1% CPU
Optimizing NNI: done in 0.0841896 secs using 394.5% CPU
Optimizing NNI: done in 0.103422 secs using 393.9% CPU
Optimizing NNI: done in 0.0814362 secs using 389.8% CPU
Optimizing NNI: done in 0.104745 secs using 405.5% CPU
Optimizing NNI: done in 0.0972665 secs using 392% CPU
Iteration 280 / LogL: -20946.362 / Time: 0h:1m:19s (0h:0m:2s left)
Optimizing NNI: done in 0.0873215 secs using 384% CPU
Optimizing NNI: done in 0.108378 secs using 395.3% CPU
Optimizing NNI: done in 0.0853829 secs using 395.1% CPU
Optimizing NNI: done in 0.0849071 secs using 401.5% CPU
Optimizing NNI: done in 0.0957462 secs using 400.8% CPU
Optimizing NNI: done in 0.0991723 secs using 398.5% CPU
Optimizing NNI: done in 0.105481 secs using 395.8% CPU
Optimizing NNI: done in 0.0961128 secs using 399.7% CPU
Optimizing NNI: done in 0.0963363 secs using 398.9% CPU
Optimizing NNI: done in 0.101119 secs using 408.6% CPU
Iteration 290 / LogL: -20970.978 / Time: 0h:1m:20s (0h:0m:1s left)
Optimizing NNI: done in 0.104883 secs using 393.7% CPU
Optimizing NNI: done in 0.109924 secs using 402% CPU
Optimizing NNI: done in 0.0978811 secs using 394.2% CPU
Optimizing NNI: done in 0.102345 secs using 393.1% CPU
Optimizing NNI: done in 0.116476 secs using 405.7% CPU
Optimizing NNI: done in 0.0967048 secs using 397.8% CPU
Optimizing NNI: done in 0.0877599 secs using 391.7% CPU
Optimizing NNI: done in 0.0885498 secs using 393.6% CPU
Optimizing NNI: done in 0.106865 secs using 384.4% CPU
Optimizing NNI: done in 0.126914 secs using 386.8% CPU
Iteration 300 / LogL: -20972.709 / Time: 0h:1m:21s (0h:0m:0s left)
Log-likelihood cutoff on original alignment: -20988.382
NOTE: Bootstrap correlation coefficient of split occurrence frequencies: 0.995
TREE SEARCH COMPLETED AFTER 300 ITERATIONS / Time: 0h:1m:21s

--------------------------------------------------------------------
|                    FINALIZING TREE SEARCH                        |
--------------------------------------------------------------------
Performs final model parameters optimization
Estimate model parameters (epsilon = 0.010)
1. Initial log-likelihood: -20943.983
Optimal log-likelihood: -20943.981
Rate parameters:  A-C: 0.32801  A-G: 6.03385  A-T: 1.00000  C-G: 0.32801  C-T: 2.35430  G-T: 1.00000
Base frequencies:  A: 0.299  C: 0.129  G: 0.267  T: 0.304
Site proportion and rates:  (0.525,0.062) (0.124,0.713) (0.136,1.641) (0.215,3.051)
Parameters optimization took 1 rounds (0.064 sec)
BEST SCORE FOUND : -20943.981
Creating bootstrap support values...
Split supports printed to NEXUS file cleaned_5.fa.splits.nex
Total tree length: 21.510

Total number of iterations: 300
CPU time used for tree search: 138.972 sec (0h:2m:18s)
Wall-clock time used for tree search: 35.860 sec (0h:0m:35s)
Total CPU time used: 272.178 sec (0h:4m:32s)
Total wall-clock time used: 81.488 sec (0h:1m:21s)

Computing bootstrap consensus tree...
Reading input file cleaned_5.fa.splits.nex...
57 taxa and 345 splits.
Consensus tree written to cleaned_5.fa.contree
Reading input trees file cleaned_5.fa.contree
Log-likelihood of consensus tree: -20969.713

Analysis results written to: 
  IQ-TREE report:                cleaned_5.fa.iqtree
  Maximum-likelihood tree:       cleaned_5.fa.treefile
  Likelihood distances:          cleaned_5.fa.mldist

Ultrafast bootstrap approximation results written to:
  Split support values:          cleaned_5.fa.splits.nex
  Consensus tree:                cleaned_5.fa.contree
  Screen log file:               cleaned_5.fa.log

Date and Time: Sat May  2 22:30:05 2026
